## toolbox - start
## Generated with https://github.com/bakito/toolbox

## Current working directory
TB_LOCALDIR ?= $(shell which cygpath > /dev/null 2>&1 && cygpath -m $$(pwd) || pwd)
## Location to install dependencies to
TB_LOCALBIN ?= $(TB_LOCALDIR)/bin
$(TB_LOCALBIN):
	if [ ! -e $(TB_LOCALBIN) ]; then mkdir -p $(TB_LOCALBIN); fi

## Tool Binaries
TB_CONTROLLER_GEN ?= $(TB_LOCALBIN)/controller-gen
TB_SEMVER ?= $(TB_LOCALBIN)/semver
TB_TOOLBOX ?= $(TB_LOCALBIN)/toolbox

## Tool Installer
.PHONY: tb.controller-gen
tb.controller-gen: $(TB_CONTROLLER_GEN) ## Download controller-gen locally if necessary.
$(TB_CONTROLLER_GEN): $(TB_LOCALBIN)
	test -s $(TB_LOCALBIN)/controller-gen || GOBIN=$(TB_LOCALBIN) go install sigs.k8s.io/controller-tools/cmd/controller-gen
.PHONY: tb.semver
tb.semver: $(TB_SEMVER) ## Download semver locally if necessary.
$(TB_SEMVER): $(TB_LOCALBIN)
	test -s $(TB_LOCALBIN)/semver || GOBIN=$(TB_LOCALBIN) go install github.com/bakito/semver
.PHONY: tb.toolbox
tb.toolbox: $(TB_TOOLBOX) ## Download toolbox locally if necessary.
$(TB_TOOLBOX): $(TB_LOCALBIN)
	test -s $(TB_LOCALBIN)/toolbox || GOBIN=$(TB_LOCALBIN) go install github.com/bakito/toolbox

## Reset Tools
.PHONY: tb.reset
tb.reset:
	@rm -f \
		$(TB_LOCALBIN)/controller-gen \
		$(TB_LOCALBIN)/semver \
		$(TB_LOCALBIN)/toolbox

## Update Tools
.PHONY: tb.update
tb.update: tb.reset
	toolbox makefile -f $(TB_LOCALDIR)/Makefile
## toolbox - end
